{"token":{"Item1":"Esto es una prueba","Item2":"Y esta es otra prueba","Item3":"Una prueba más","Item4":"El rápido zorro marrón salta sobre el perro perezoso"}}